// Bun Snapshot v1, https://goo.gl/fbAQLP

exports[`solve-utils bogusMembers should create an array of mocked Pok√©mon 1`] = `
{
  "carrySize": 0,
  "externalId": "mock id",
  "level": 0,
  "nature": {
    "energy": 1,
    "exp": 1,
    "frequency": 1,
    "ingredient": 1,
    "name": "Bashful",
    "negativeModifier": "neutral",
    "positiveModifier": "neutral",
    "prettyName": "Bashful (neutral)",
    "skill": 1,
  },
  "ribbon": 0,
  "skillLevel": 0,
  "subskills":   Set {},
}
`;
